// Jest Snapshot v1, https://goo.gl/fbAQLP

exports[`List snapshot test 1`] = `null`;
