exports[`test Recommendation snapshot test 1`] = `null`;
