exports[`test AutoComplete snapshot test 1`] = `
<span>
  <span
    className="autocomplete__icon">
    âš²
  </span>
  <input
    autoFocus={true}
    className="autocomplete__input"
    onChange={[Function]}
    onKeyDown={[Function]}
    placeholder="search"
    type="search" />
  <ul
    className="autocomplete__list"
    style={Object {}} />
</span>
`;
